LexToken(PROGRAM,'program',1,0)
LexToken(ID,'test',1,8)
LexToken(LPAREN,'(',1,12)
LexToken(ID,'input',1,13)
LexToken(COMMA,',',1,18)
LexToken(ID,'output',1,19)
LexToken(RPAREN,')',1,25)
LexToken(SEMI,';',1,26)
LexToken(CONST,'const',2,28)
LexToken(ID,'a',2,34)
LexToken(EQU,'=',2,35)
LexToken(STRING,'"abc"',2,36)
LexToken(SEMI,';',2,41)
LexToken(BEGIN,'begin',3,43)
LexToken(WRITELN,'writeln',4,53)
LexToken(LPAREN,'(',4,60)
LexToken(ID,'a',4,61)
LexToken(RPAREN,')',4,62)
LexToken(SEMI,';',4,63)
LexToken(END,'end',5,65)
LexToken(DOT,'.',5,68)
