LexToken(PROGRAM,'program',1,0)
LexToken(ID,'test',1,8)
LexToken(LPAREN,'(',1,12)
LexToken(ID,'input',1,13)
LexToken(COMMA,',',1,18)
LexToken(ID,'output',1,19)
LexToken(RPAREN,')',1,25)
LexToken(SEMI,';',1,26)
LexToken(CONST,'const',2,28)
LexToken(ID,'a',2,34)
LexToken(EQU,'=',2,35)
LexToken(STRING,'"a\n      b="',2,36)
LexToken(ID,'c',4,55)
LexToken(EQU,'=',4,56)
LexToken(ID,'cba',4,58)
LexToken(BEGIN,'begin',5,62)
LexToken(END,'end',7,69)
LexToken(DOT,'.',7,72)
