LexToken(PROGRAM,'program',1,0)
LexToken(ID,'test',1,8)
LexToken(LPAREN,'(',1,12)
LexToken(ID,'input',1,13)
LexToken(COMMA,',',1,18)
LexToken(ID,'output',1,19)
LexToken(RPAREN,')',1,25)
LexToken(SEMI,';',1,26)
LexToken(VAR,'var',2,28)
LexToken(ID,'asadhsadsadsadaaaaaaaaaaaaaaaaaaaaaaaaaaaaaaaaaaaaaaaaaaaaaaaaaaaaaaaaaaaaaaaaaaaaaaaaaaaaaaaaaaaaaaaaaaaaaaaaaaaaaaaaaaaaaaaaaaa',2,32)
LexToken(COLON,':',2,161)
LexToken(INTEGER,'integer',2,162)
LexToken(SEMI,';',2,169)
LexToken(BEGIN,'begin',3,171)
LexToken(END,'end',4,177)
LexToken(DOT,'.',4,180)
