LexToken(PROGRAM,'program',1,0)
LexToken(ID,'test',1,8)
LexToken(LPAREN,'(',1,12)
LexToken(ID,'input',1,13)
LexToken(COMMA,',',1,18)
LexToken(ID,'output',1,19)
LexToken(RPAREN,')',1,25)
LexToken(SEMI,';',1,26)
LexToken(CONST,'const',2,30)
LexToken(ID,'a',2,36)
LexToken(EQU,'=',2,37)
LexToken(CCONST,"''",2,38)
LexToken(ID,'b',3,49)
LexToken(EQU,'=',3,50)
LexToken(ID,'abc',3,52)
